// Jest Snapshot v1, https://goo.gl/fbAQLP

exports[`renders correctly 1`] = `
<div
  className="flex flex-col md:flex-row justify-around items-center py-12 "
  style={
    Object {
      "opacity": 0,
      "transform": "scale(0.5) translateZ(0)",
    }
  }
>
  <div
    className="flex justify-center items-center "
  >
    <img
      alt="World Map"
      className="w-2/3 md:w-full"
      src="world_map_ 1.svg"
    />
  </div>
  <div
    className="flex justify-end w-full md:w-1/2 "
  >
    <Swiper
      autoplay={
        Object {
          "delay": 2500,
          "disableOnInteraction": false,
        }
      }
      className="mySwiper"
      modules={
        Array [
          "Pagination",
          undefined,
        ]
      }
      pagination={
        Object {
          "clickable": true,
          "dynamicBullets": true,
        }
      }
    >
      <SwiperSlide>
        <div
          className="w-1/2 reference-div text-center sm:text-left"
        >
          <h3
            className="pt-2"
          >
            Two lines of a short testimonial from someone want to say something, and can say more to explain.
          </h3>
          <p
            className="text-darkGrey pt-2"
          >
            Louis Li
          </p>
          <p
            className="text-darkGrey text-sm"
          >
            Trainer at Recoded
          </p>
        </div>
      </SwiperSlide>
      <SwiperSlide>
        <div
          className="w-1/2 reference-div text-center sm:text-left"
        >
          <h3
            className="pt-2"
          >
            Two lines of a short testimonial from someone want to say something, and can say more to explain.
          </h3>
          <p
            className="text-darkGrey pt-2"
          >
            Louis Li
          </p>
          <p
            className="text-darkGrey text-sm"
          >
            Trainer at Recoded
          </p>
        </div>
      </SwiperSlide>
      <SwiperSlide>
        <div
          className="w-1/2 reference-div text-center sm:text-left"
        >
          <h3
            className="pt-2"
          >
            Two lines of a short testimonial from someone want to say something, and can say more to explain.
          </h3>
          <p
            className="text-darkGrey pt-2"
          >
            Louis Li
          </p>
          <p
            className="text-darkGrey text-sm"
          >
            Trainer at Recoded
          </p>
        </div>
      </SwiperSlide>
    </Swiper>
  </div>
</div>
`;
